// Jest Snapshot v1, https://goo.gl/fbAQLP

exports[`code gen element 1`] = `
"const { toDisplayString: toDisplayString, creatElementVnode: creatElementVnode } = Vue
return function render(_ctx, _cache){return _creatElementVnode('div', null, 'hi, ' + _toDisplayString(_ctx.message))}"
`;

exports[`code gen happy path 1`] = `
"
return function render(_ctx, _cache){return 'hi'}"
`;

exports[`code gen innser codeGen 1`] = `
"const { toDisplayString: toDisplayString } = Vue
return function render(_ctx, _cache){return _toDisplayString(_ctx.message)}"
`;
